// Jest Snapshot v1, https://goo.gl/fbAQLP

exports[`App renders correctly 1`] = `
<DocumentFragment>
  <div
    class="App"
  >
    <img
      alt="Nasa logo"
      class="nasa-logo"
      src="https://cdn.cnn.com/cnnnext/dam/assets/200424060716-nasa-worm-logo.jpg"
    />
    <div>
      <form
        class="search-form"
      >
        <input
          class="input"
          data-testid="input-id"
          placeholder="Search.."
          type="text"
          value=""
        />
        <button
          class="button"
          type="submit"
        >
          Go!
        </button>
      </form>
    </div>
  </div>
</DocumentFragment>
`;
