// Jest Snapshot v1, https://goo.gl/fbAQLP

exports[`SearchResults renders correctly 1`] = `
<DocumentFragment>
  <div
    class="search-results"
  >
    <img
      alt="img"
      src="[object Object]"
    />
  </div>
</DocumentFragment>
`;
